Using src/app as the root directory for Expo Router.
React Compiler enabled
Starting Metro Bundler

Static rendering is enabled. Learn more: https://docs.expo.dev/router/web/static-rendering/
λ Bundled 90826ms node_modules/expo/node_modules/@expo/cli/node_modules/@expo/router-server/node/render.js (3027 modules)
Web Bundled 95137ms node_modules/expo-router/entry.js (2656 modules)

› web bundles (1):
_expo/static/js/web/entry-0072a6bbfac103733a4b35726013b127.js (30MB)

› Static routes (14):
/ (index) (18KB)
/login (21KB)
/photos (38KB)
/profile (39KB)
/workout (42KB)
/_sitemap (20KB)
/calendar (44KB)
/onboarding (25KB)
/+not-found (20KB)
/(tabs) (41KB)
/(tabs)/photos (38KB)
/(tabs)/profile (39KB)
/(tabs)/workout (42KB)
/(tabs)/calendar (44KB)

Exported: dist
